剥 Raw ENV values: {
  SUPABASE_URL: 'https://krxhrbtlgfjzsseegaqq.supabase.co',
  SUPABASE_ANON_KEY_length: 208,
  SUPABASE_SERVICE_KEY_length: 219
}
剥 Supabase Config Debug: {
  url: 'https://krxhrbtlgfjzsseegaqq.supabase.co',
  hasServiceKey: true,
  serviceKeyProject: 'supabase',
  hasAnonKey: true,
  anonKeyProject: 'supabase'
}
笨・Supabase initialized
=== 縲後◎縺ｮ莉・U)縲阪ｒSellerService縺九ｉ逶ｴ謗･繝・せ繝・===

投 繝ｪ繧ｯ繧ｨ繧ｹ繝医ヱ繝ｩ繝｡繝ｼ繧ｿ:
  - statusCategory: visitOther
  - visitAssignee: U
  - page: 1
  - pageSize: 300

node.exe : Cache get error: Error: Redis client not initialized. Call connectRedis
() first.
発生場所 行:1 文字:1
+ & "C:\Program Files\nodejs/node.exe" "C:\Program Files\nodejs/node_mo ...
+ ~~~~~~~~~~~~~~~~~~~~~~~~~~~~~~~~~~~~~~~~~~~~~~~~~~~~~~~~~~~~~~~~~~~~~
    + CategoryInfo          : NotSpecified: (Cache get error...tRedis() first.:St 
   ring) [], RemoteException
    + FullyQualifiedErrorId : NativeCommandError
 
    at getRedisClient (C:\Users\kunih\sateituikyaku\backend\src\config\redis.ts:11
7:11)
    at Object.get (C:\Users\kunih\sateituikyaku\backend\src\config\redis.ts:123:69
)
    at CacheHelper.get (C:\Users\kunih\sateituikyaku\backend\src\utils\cache.ts:12
:38)
    at SellerService.listSellers (C:\Users\kunih\sateituikyaku\backend\src\service
s\SellerService.supabase.ts:761:38)
    at testVisitOtherUService (C:\Users\kunih\sateituikyaku\backend\test-visit-oth
er-u-service-direct.ts:19:40)
    at Object.<anonymous> (C:\Users\kunih\sateituikyaku\backend\test-visit-other-u
-service-direct.ts:103:1)
    at Module._compile (node:internal/modules/cjs/loader:1761:14)
    at Module.m._compile (C:\Users\kunih\sateituikyaku\backend\node_modules\ts-nod
e\src\index.ts:1618:23)
    at node:internal/modules/cjs/loader:1893:10
    at Object.require.extensions.<computed> [as .ts] (C:\Users\kunih\sateituikyaku
\backend\node_modules\ts-node\src\index.ts:1621:12)
剥 [listSellers] visitOther params: {
  statusCategory: 'visitOther',
  visitAssignee: 'U',
  page: 1,
  pageSize: 300
}
剥 [listSellers] Filtering by visitAssignee: U
剥 [listSellers] Query result for visitOther: { sellersCount: 255, visitAssignee: 'U', count: 255 }
剥 [listSellers] First 3 sellers: [
  {
    seller_number: 'AA13533',
    visit_assignee: 'U',
    next_call_date: '2026-02-02',
    status: '霑ｽ螳｢荳ｭ'
  },
  {
    seller_number: 'AA13527',
    visit_assignee: 'U',
    next_call_date: '2026-02-07',
    status: '荳闊ｬ蟐剃ｻ・
  },
  {
    seller_number: 'AA13508',
    visit_assignee: 'U',
    next_call_date: '2026-01-30',
    status: '霑ｽ螳｢荳崎ｦ・譛ｪ險ｪ蝠擾ｼ・
  }
]
笨・Employee initials cache updated: 10 employees
笨・Employee initials cache updated: 10 employees
笨・Employee initials cache updated: 10 employees
笨・Employee initials cache updated: 10 employees
笨・Employee initials cache updated: 10 employees
笨・Employee initials cache updated: 10 employees
笨・Employee initials cache updated: 10 employees
笨・Employee initials cache updated: 10 employees
笨・Employee initials cache updated: 10 employees
笨・Employee initials cache updated: 10 employees
笨・Employee initials cache updated: 10 employees
笨・Employee initials cache updated: 10 employees
笨・Employee initials cache updated: 10 employees
笨・Employee initials cache updated: 10 employees
笨・Employee initials cache updated: 10 employees
笨・Employee initials cache updated: 10 employees
笨・Employee initials cache updated: 10 employees
笨・Employee initials cache updated: 10 employees
笨・Employee initials cache updated: 10 employees
笨・Employee initials cache updated: 10 employees
笨・Employee initials cache updated: 10 employees
笨・Employee initials cache updated: 10 employees
笨・Employee initials cache updated: 10 employees
笨・Employee initials cache updated: 10 employees
笨・Employee initials cache updated: 10 employees
笨・Employee initials cache updated: 10 employees
笨・Employee initials cache updated: 10 employees
笨・Employee initials cache updated: 10 employees
笨・Employee initials cache updated: 10 employees
笨・Employee initials cache updated: 10 employees
笨・Employee initials cache updated: 10 employees
笨・Employee initials cache updated: 10 employees
笨・Employee initials cache updated: 10 employees
笨・Employee initials cache updated: 10 employees
笨・Employee initials cache updated: 10 employees
笨・Employee initials cache updated: 10 employees
笨・Employee initials cache updated: 10 employees
笨・Employee initials cache updated: 10 employees
笨・Employee initials cache updated: 10 employees
笨・Employee initials cache updated: 10 employees
笨・Employee initials cache updated: 10 employees
笨・Employee initials cache updated: 10 employees
笨・Employee initials cache updated: 10 employees
笨・Employee initials cache updated: 10 employees
笨・Employee initials cache updated: 10 employees
笨・Employee initials cache updated: 10 employees
笨・Employee initials cache updated: 10 employees
笨・Employee initials cache updated: 10 employees
笨・Employee initials cache updated: 10 employees
笨・Employee initials cache updated: 10 employees
笨・Employee initials cache updated: 10 employees
笨・Employee initials cache updated: 10 employees
笨・Employee initials cache updated: 10 employees
笨・Employee initials cache updated: 10 employees
笨・Employee initials cache updated: 10 employees
笨・Employee initials cache updated: 10 employees
笨・Employee initials cache updated: 10 employees
笨・Employee initials cache updated: 10 employees
笨・Employee initials cache updated: 10 employees
笨・Employee initials cache updated: 10 employees
笨・Employee initials cache updated: 10 employees
笨・Employee initials cache updated: 10 employees
笨・Employee initials cache updated: 10 employees
笨・Employee initials cache updated: 10 employees
笨・Employee initials cache updated: 10 employees
笨・Employee initials cache updated: 10 employees
笨・Employee initials cache updated: 10 employees
笨・Employee initials cache updated: 10 employees
笨・Employee initials cache updated: 10 employees
笨・Employee initials cache updated: 10 employees
笨・Employee initials cache updated: 10 employees
笨・Employee initials cache updated: 10 employees
笨・Employee initials cache updated: 10 employees
笨・Employee initials cache updated: 10 employees
笨・Employee initials cache updated: 10 employees
笨・Employee initials cache updated: 10 employees
笨・Employee initials cache updated: 10 employees
笨・Employee initials cache updated: 10 employees
笨・Employee initials cache updated: 10 employees
笨・Employee initials cache updated: 10 employees
笨・Employee initials cache updated: 10 employees
笨・Employee initials cache updated: 10 employees
笨・Employee initials cache updated: 10 employees
笨・Employee initials cache updated: 10 employees
笨・Employee initials cache updated: 10 employees
笨・Employee initials cache updated: 10 employees
笨・Employee initials cache updated: 10 employees
笨・Employee initials cache updated: 10 employees
笨・Employee initials cache updated: 10 employees
笨・Employee initials cache updated: 10 employees
笨・Employee initials cache updated: 10 employees
笨・Employee initials cache updated: 10 employees
笨・Employee initials cache updated: 10 employees
笨・Employee initials cache updated: 10 employees
笨・Employee initials cache updated: 10 employees
笨・Employee initials cache updated: 10 employees
笨・Employee initials cache updated: 10 employees
笨・Employee initials cache updated: 10 employees
笨・Employee initials cache updated: 10 employees
笨・Employee initials cache updated: 10 employees
笨・Employee initials cache updated: 10 employees
笨・Employee initials cache updated: 10 employees
笨・Employee initials cache updated: 10 employees
笨・Employee initials cache updated: 10 employees
笨・Employee initials cache updated: 10 employees
笨・Employee initials cache updated: 10 employees
笨・Employee initials cache updated: 10 employees
笨・Employee initials cache updated: 10 employees
笨・Employee initials cache updated: 10 employees
笨・Employee initials cache updated: 10 employees
笨・Employee initials cache updated: 10 employees
笨・Employee initials cache updated: 10 employees
笨・Employee initials cache updated: 10 employees
笨・Employee initials cache updated: 10 employees
笨・Employee initials cache updated: 10 employees
笨・Employee initials cache updated: 10 employees
笨・Employee initials cache updated: 10 employees
笨・Employee initials cache updated: 10 employees
笨・Employee initials cache updated: 10 employees
笨・Employee initials cache updated: 10 employees
笨・Employee initials cache updated: 10 employees
笨・Employee initials cache updated: 10 employees
笨・Employee initials cache updated: 10 employees
笨・Employee initials cache updated: 10 employees
笨・Employee initials cache updated: 10 employees
笨・Employee initials cache updated: 10 employees
笨・Employee initials cache updated: 10 employees
笨・Employee initials cache updated: 10 employees
笨・Employee initials cache updated: 10 employees
笨・Employee initials cache updated: 10 employees
笨・Employee initials cache updated: 10 employees
笨・Employee initials cache updated: 10 employees
笨・Employee initials cache updated: 10 employees
笨・Employee initials cache updated: 10 employees
笨・Employee initials cache updated: 10 employees
笨・Employee initials cache updated: 10 employees
笨・Employee initials cache updated: 10 employees
笨・Employee initials cache updated: 10 employees
笨・Employee initials cache updated: 10 employees
笨・Employee initials cache updated: 10 employees
笨・Employee initials cache updated: 10 employees
笨・Employee initials cache updated: 10 employees
笨・Employee initials cache updated: 10 employees
笨・Employee initials cache updated: 10 employees
笨・Employee initials cache updated: 10 employees
笨・Employee initials cache updated: 10 employees
笨・Employee initials cache updated: 10 employees
笨・Employee initials cache updated: 10 employees
笨・Employee initials cache updated: 10 employees
笨・Employee initials cache updated: 10 employees
笨・Employee initials cache updated: 10 employees
笨・Employee initials cache updated: 10 employees
笨・Employee initials cache updated: 10 employees
笨・Employee initials cache updated: 10 employees
笨・Employee initials cache updated: 10 employees
笨・Employee initials cache updated: 10 employees
笨・Employee initials cache updated: 10 employees
笨・Employee initials cache updated: 10 employees
笨・Employee initials cache updated: 10 employees
笨・Employee initials cache updated: 10 employees
笨・Employee initials cache updated: 10 employees
笨・Employee initials cache updated: 10 employees
笨・Employee initials cache updated: 10 employees
笨・Employee initials cache updated: 10 employees
笨・Employee initials cache updated: 10 employees
笨・Employee initials cache updated: 10 employees
笨・Employee initials cache updated: 10 employees
笨・Employee initials cache updated: 10 employees
笨・Employee initials cache updated: 10 employees
笨・Employee initials cache updated: 10 employees
笨・Employee initials cache updated: 10 employees
笨・Employee initials cache updated: 10 employees
笨・Employee initials cache updated: 10 employees
笨・Employee initials cache updated: 10 employees
笨・Employee initials cache updated: 10 employees
笨・Employee initials cache updated: 10 employees
笨・Employee initials cache updated: 10 employees
笨・Employee initials cache updated: 10 employees
笨・Employee initials cache updated: 10 employees
笨・Employee initials cache updated: 10 employees
笨・Employee initials cache updated: 10 employees
笨・Employee initials cache updated: 10 employees
笨・Employee initials cache updated: 10 employees
笨・Employee initials cache updated: 10 employees
笨・Employee initials cache updated: 10 employees
笨・Employee initials cache updated: 10 employees
笨・Employee initials cache updated: 10 employees
笨・Employee initials cache updated: 10 employees
笨・Employee initials cache updated: 10 employees
笨・Employee initials cache updated: 10 employees
笨・Employee initials cache updated: 10 employees
笨・Employee initials cache updated: 10 employees
笨・Employee initials cache updated: 10 employees
笨・Employee initials cache updated: 10 employees
笨・Employee initials cache updated: 10 employees
笨・Employee initials cache updated: 10 employees
笨・Employee initials cache updated: 10 employees
笨・Employee initials cache updated: 10 employees
笨・Employee initials cache updated: 10 employees
笨・Employee initials cache updated: 10 employees
笨・Employee initials cache updated: 10 employees
笨・Employee initials cache updated: 10 employees
笨・Employee initials cache updated: 10 employees
笨・Employee initials cache updated: 10 employees
笨・Employee initials cache updated: 10 employees
笨・Employee initials cache updated: 10 employees
笨・Employee initials cache updated: 10 employees
笨・Employee initials cache updated: 10 employees
笨・Employee initials cache updated: 10 employees
笨・Employee initials cache updated: 10 employees
笨・Employee initials cache updated: 10 employees
笨・Employee initials cache updated: 10 employees
笨・Employee initials cache updated: 10 employees
笨・Employee initials cache updated: 10 employees
笨・Employee initials cache updated: 10 employees
笨・Employee initials cache updated: 10 employees
笨・Employee initials cache updated: 10 employees
笨・Employee initials cache updated: 10 employees
笨・Employee initials cache updated: 10 employees
笨・Employee initials cache updated: 10 employees
笨・Employee initials cache updated: 10 employees
笨・Employee initials cache updated: 10 employees
笨・Employee initials cache updated: 10 employees
笨・Employee initials cache updated: 10 employees
笨・Employee initials cache updated: 10 employees
笨・Employee initials cache updated: 10 employees
笨・Employee initials cache updated: 10 employees
笨・Employee initials cache updated: 10 employees
笨・Employee initials cache updated: 10 employees
笨・Employee initials cache updated: 10 employees
笨・Employee initials cache updated: 10 employees
笨・Employee initials cache updated: 10 employees
笨・Employee initials cache updated: 10 employees
笨・Employee initials cache updated: 10 employees
笨・Employee initials cache updated: 10 employees
笨・Employee initials cache updated: 10 employees
笨・Employee initials cache updated: 10 employees
笨・Employee initials cache updated: 10 employees
笨・Employee initials cache updated: 10 employees
笨・Employee initials cache updated: 10 employees
笨・Employee initials cache updated: 10 employees
笨・Employee initials cache updated: 10 employees
笨・Employee initials cache updated: 10 employees
笨・Employee initials cache updated: 10 employees
笨・Employee initials cache updated: 10 employees
笨・Employee initials cache updated: 10 employees
笨・Employee initials cache updated: 10 employees
笨・Employee initials cache updated: 10 employees
笨・Employee initials cache updated: 10 employees
笨・Employee initials cache updated: 10 employees
笨・Employee initials cache updated: 10 employees
笨・Employee initials cache updated: 10 employees
笨・Employee initials cache updated: 10 employees
笨・Employee initials cache updated: 10 employees
笨・Employee initials cache updated: 10 employees
剥 [listSellers] Before filtering visitOther: 255 sellers
剥 [listSellers] After filtering visitOther: 206 sellers (removed 49)
剥 [listSellers] First 3 filtered sellers: [
  {
    sellerNumber: 'AA13527',
    visitAssignee: '陬丞､ｩ逵・,
    rawVisitAssignee: 'U',
    nextCallDate: '2026-02-07',
    status: '荳闊ｬ蟐剃ｻ・
  },
  {
    sellerNumber: 'AA13508',
    visitAssignee: '陬丞､ｩ逵・,
    rawVisitAssignee: 'U',
    nextCallDate: '2026-01-30',
    status: '霑ｽ螳｢荳崎ｦ・譛ｪ險ｪ蝠擾ｼ・
  },
  {
    sellerNumber: 'AA13507',
    visitAssignee: '陬丞､ｩ逵・,
    rawVisitAssignee: 'U',
    nextCallDate: '2026-02-07',
    status: '霑ｽ螳｢荳ｭ'
  }
]
笨・繧ｵ繝ｼ繝薙せ繝ｬ繧ｹ繝昴Φ繧ｹ謌仙粥
邱丈ｻｶ謨ｰ: 206莉ｶ
蜿門ｾ嶺ｻｶ謨ｰ: 206莉ｶ

笨・譛溷ｾ・､縺ｨ荳閾ｴ: 206莉ｶ
=== 譛蛻昴・10莉ｶ ===

1. AA13527
   蝟ｶ諡・ 陬丞､ｩ逵・   險ｪ蝠乗律: Mon Feb 02 2026 09:00:00 GMT+0900 (譌･譛ｬ讓呎ｺ匁凾)
   谺｡髮ｻ譌･: 2026-02-07
   迥ｶ豕・ 荳闊ｬ蟐剃ｻ・
2. AA13508
   蝟ｶ諡・ 陬丞､ｩ逵・   險ｪ蝠乗律: Tue Feb 03 2026 09:00:00 GMT+0900 (譌･譛ｬ讓呎ｺ匁凾)
   谺｡髮ｻ譌･: 2026-01-30
   迥ｶ豕・ 霑ｽ螳｢荳崎ｦ・譛ｪ險ｪ蝠擾ｼ・
3. AA13507
   蝟ｶ諡・ 陬丞､ｩ逵・   險ｪ蝠乗律: Tue Feb 03 2026 09:00:00 GMT+0900 (譌･譛ｬ讓呎ｺ匁凾)
   谺｡髮ｻ譌･: 2026-02-07
   迥ｶ豕・ 霑ｽ螳｢荳ｭ

4. AA13502
   蝟ｶ諡・ 陬丞､ｩ逵・   險ｪ蝠乗律: (遨ｺ)
   谺｡髮ｻ譌･: 2026-01-29
   迥ｶ豕・ 蟆ゆｻｻ蟐剃ｻ・
5. AA13486
   蝟ｶ諡・ 陬丞､ｩ逵・   險ｪ蝠乗律: Tue Jan 20 2026 09:00:00 GMT+0900 (譌･譛ｬ讓呎ｺ匁凾)
   谺｡髮ｻ譌･: 2026-01-26
   迥ｶ豕・ 蟆ゆｻｻ蟐剃ｻ・
6. AA13470
   蝟ｶ諡・ 陬丞､ｩ逵・   險ｪ蝠乗律: Tue Jan 27 2026 09:00:00 GMT+0900 (譌･譛ｬ讓呎ｺ匁凾)
   谺｡髮ｻ譌･: (遨ｺ)
   迥ｶ豕・ 險ｪ蝠丞ｾ鯉ｼ域球蠖謎ｻ假ｼ芽ｿｽ螳｢荳崎ｦ・
7. AA13440
   蝟ｶ諡・ 陬丞､ｩ逵・   險ｪ蝠乗律: (遨ｺ)
   谺｡髮ｻ譌･: 2026-01-31
   迥ｶ豕・ 蟆ゆｻｻ蟐剃ｻ・
8. AA13341
   蝟ｶ諡・ 陬丞､ｩ逵・   險ｪ蝠乗律: Thu Jan 08 2026 09:00:00 GMT+0900 (譌･譛ｬ讓呎ｺ匁凾)
   谺｡髮ｻ譌･: 2026-12-31
   迥ｶ豕・ 荳闊ｬ蟐剃ｻ・
9. AA13338
   蝟ｶ諡・ 陬丞､ｩ逵・   險ｪ蝠乗律: Mon Jan 12 2026 09:00:00 GMT+0900 (譌･譛ｬ讓呎ｺ匁凾)
   谺｡髮ｻ譌･: 2026-04-11
   迥ｶ豕・ 莉匁ｱｺ竊定ｿｽ螳｢

10. AA13311
   蝟ｶ諡・ 陬丞､ｩ逵・   險ｪ蝠乗律: Sat Dec 27 2025 09:00:00 GMT+0900 (譌･譛ｬ讓呎ｺ匁凾)
   谺｡髮ｻ譌･: 2026-01-02
   迥ｶ豕・ 荳闊ｬ蟐剃ｻ・

笨・蜈ｨ縺ｦ縺ｮ螢ｲ荳ｻ縺ｫ蝟ｶ諡・′險ｭ螳壹＆繧後※縺・∪縺・
笶・蝟ｶ諡・′'U'縺ｧ縺ｪ縺・｣ｲ荳ｻ縺・06莉ｶ隕九▽縺九ｊ縺ｾ縺励◆・・  - AA13527: 蝟ｶ諡・"陬丞､ｩ逵・
  - AA13508: 蝟ｶ諡・"陬丞､ｩ逵・
  - AA13507: 蝟ｶ諡・"陬丞､ｩ逵・
  - AA13502: 蝟ｶ諡・"陬丞､ｩ逵・
  - AA13486: 蝟ｶ諡・"陬丞､ｩ逵・
  - AA13470: 蝟ｶ諡・"陬丞､ｩ逵・
  - AA13440: 蝟ｶ諡・"陬丞､ｩ逵・
  - AA13341: 蝟ｶ諡・"陬丞､ｩ逵・
  - AA13338: 蝟ｶ諡・"陬丞､ｩ逵・
  - AA13311: 蝟ｶ諡・"陬丞､ｩ逵・

笨・縲悟ｽ捺律TEL・域球蠖難ｼ峨阪↓隧ｲ蠖薙☆繧句｣ｲ荳ｻ縺ｯ蜷ｫ縺ｾ繧後※縺・∪縺帙ｓ・域ｭ｣縺励＞・・
=== 繝・せ繝亥ｮ御ｺ・===
